// Jest Snapshot v1, https://goo.gl/fbAQLP

exports[`Renderer:alert 1`] = `
<div>
  <div
    class="cxd-Page"
  >
    <div
      class="cxd-Page-content"
    >
      <div
        class="cxd-Page-main"
      >
        <div
          class="cxd-Page-body"
        >
          <div
            class="cxd-Alert cxd-Alert--success"
          >
            <span
              class="cxd-TplField"
            >
              <span>
                提示内容
              </span>
            </span>
          </div>
        </div>
      </div>
    </div>
  </div>
</div>
`;
