// Jest Snapshot v1, https://goo.gl/fbAQLP

exports[`Renderer:bar-code 1`] = `
<div>
  <div
    class="cxd-Page"
  >
    <div
      class="cxd-Page-content"
    >
      <div
        class="cxd-Page-main"
      >
        <div
          class="cxd-Page-body"
        >
          <div
            class="cxd-BarCode"
            style=""
          >
            <img
              src="data:image/png;base64,00"
            />
          </div>
        </div>
      </div>
    </div>
  </div>
</div>
`;
