// Jest Snapshot v1, https://goo.gl/fbAQLP

exports[`Renderer:carousel 1`] = `
<div>
  <div
    class="a-Carousel a-Carousel--light show"
    style="width: 500px; height: 300px;"
  >
    <div
      class="a-Carousel-container"
    >
      <div
        class="a-Carousel-item fade in"
      >
        <span
          class="a-TplField"
        >
          
    
        
          <div
            class="image "
            style="background-image: url(https://internal-amis-res.cdn.bcebos.com/images/2019-12/1577157239810/da6376bf988c.png); background-size: contain; background-repeat: no-repeat; background-position: center center;"
          />
          
        
            
          <div
            class="title block"
          >
            标题
          </div>
          
         
            
          <div
            class="description block"
          >
            描述
          </div>
           
        
    
    
        </span>
      </div>
      <div
        class="a-Carousel-item fade out"
      >
        <span
          class="a-TplField"
        >
          
    
        
          <div
            class="image "
            style="background-image: url(https://ss0.bdstatic.com/70cFvHSh_Q1YnxGkpoWK1HF6hhy/it/u=3893101144,2877209892&fm=23&gp=0.jpg); background-size: contain; background-repeat: no-repeat; background-position: center center;"
          />
          
        
    
    
        </span>
      </div>
      <div
        class="a-Carousel-dotsControl"
      >
        <span
          class="a-Carousel-dot is-active"
        />
        <span
          class="a-Carousel-dot"
        />
        <span
          class="a-Carousel-dot"
        />
      </div>
      <div
        class="a-Carousel-arrowsControl"
      >
        <div
          class="a-Carousel-leftArrow"
        >
          <svg
            class="icon"
            version="1.1"
            viewBox="0 0 1024 1024"
          >
            <path
              d="M324.211517 511.805631 787.889594 73.082583c16.19422-16.630365 16.19422-43.974704 0-60.605068-16.19422-16.630365-42.495607-16.630365-58.613976 0L235.750113 479.360302c-8.647031 8.969398-12.344775 20.934917-11.719003 32.445329-0.644735 11.90863 3.071972 23.874149 11.719003 32.824585l493.506542 466.882788c16.118369 16.649327 42.438718 16.649327 58.613976 0 16.19422-17.085471 16.19422-43.974704 0-60.605068L324.211517 511.805631"
              p-id="2160"
            />
          </svg>
        </div>
        <div
          class="a-Carousel-rightArrow"
        >
          <svg
            class="icon"
            version="1.1"
            viewBox="0 0 1024 1024"
          >
            <path
              d="M311.559054 1013.77369L767.908116 512.684524 311.559054 12.234501a31.318073 31.318073 0 1 0-46.657538 41.544383L679.706197 512.684524 267.458094 969.672731a31.318073 31.318073 0 0 0 46.018393 42.183526z"
              p-id="1981"
            />
          </svg>
        </div>
      </div>
    </div>
  </div>
</div>
`;
