// Jest Snapshot v1, https://goo.gl/fbAQLP

exports[`Renderer:container 1`] = `
<div>
  <div
    class="cxd-Page"
  >
    <div
      class="cxd-PullRefresh"
    >
      <div
        class="cxd-PullRefresh-wrap"
        style="transform: translate3d(0, 0px, 0);"
      >
        <div
          class="cxd-PullRefresh-header"
        >
          
        </div>
        <div
          class="cxd-Page-content"
        >
          <div
            class="cxd-Page-main"
          >
            <div
              class="cxd-Page-body"
            >
              <div
                class="cxd-Container bg-white"
              >
                <div
                  class="cxd-Container-body"
                >
                  <span
                    class="cxd-TplField"
                  >
                    <span>
                      内容1
                    </span>
                  </span>
                  <span
                    class="cxd-PlainField"
                  >
                    内容2
                  </span>
                </div>
              </div>
            </div>
          </div>
        </div>
      </div>
    </div>
  </div>
</div>
`;
