// Jest Snapshot v1, https://goo.gl/fbAQLP

exports[`Renderer:custom 1`] = `
<div>
  <div
    class="cxd-Form-item cxd-Form-item--normal"
    data-role="form-item"
  >
    <label
      class="cxd-Form-label"
    >
      <span>
        <span
          class="cxd-TplField"
        >
          <span>
            自定义组件
          </span>
        </span>
      </span>
    </label>
    <div
      class="cxd-Form-control"
    >
      <button />
    </div>
  </div>
</div>
`;
