// Jest Snapshot v1, https://goo.gl/fbAQLP

exports[`Renderer:dropdown-button 1`] = `
<div>
  <div
    class="cxd-Alert cxd-Alert--danger"
  >
    <h3>
      TypeError: children is not a function
    </h3>
    <pre>
      <code>
        
    in RootClose (created by DropDownButtonRenderer)
    in div (created by DropDownButtonRenderer)
    in DropDownButtonRenderer (created by Renderer)
    in Renderer (created by RootRenderer)
    in RootRenderer (created by Root)
    in ImageGallery (created by I18N(ImageGallery))
    in I18N(ImageGallery) (created by Themeable(I18N(ImageGallery)))
    in Themeable(I18N(ImageGallery)) (created by Root)
    in Root (created by Scoped(Root))
    in Scoped(Root)
      </code>
    </pre>
  </div>
</div>
`;

exports[`Renderer:dropdown-button 2`] = `
<div>
  <div
    class="cxd-Alert cxd-Alert--danger"
  >
    <h3>
      TypeError: children is not a function
    </h3>
    <pre>
      <code>
        
    in RootClose (created by DropDownButtonRenderer)
    in div (created by DropDownButtonRenderer)
    in DropDownButtonRenderer (created by Renderer)
    in Renderer (created by RootRenderer)
    in RootRenderer (created by Root)
    in ImageGallery (created by I18N(ImageGallery))
    in I18N(ImageGallery) (created by Themeable(I18N(ImageGallery)))
    in Themeable(I18N(ImageGallery)) (created by Root)
    in Root (created by Scoped(Root))
    in Scoped(Root)
      </code>
    </pre>
  </div>
</div>
`;
