// Jest Snapshot v1, https://goo.gl/fbAQLP

exports[`Renderer:link 1`] = `
<div>
  <a
    class="cxd-Link show"
    href="https://www.baidu.com"
    target="_self"
  >
    <i
      style="display: inline-block;"
    />
    https://www.baidu.com
    <i
      style="display: none;"
    />
  </a>
</div>
`;
