// Jest Snapshot v1, https://goo.gl/fbAQLP

exports[`Renderer:progress 1`] = `
<div>
  <div
    class="cxd-Progress"
  >
    <div
      class="cxd-Progress-line"
    >
      <div
        class="cxd-Progress-line-inter"
      >
        <div
          class="cxd-Progress-line-bar bg-success"
          style="width: 60%;"
          title="60%"
        />
      </div>
    </div>
    <span
      class="cxd-Progress-line-text"
    >
      <span
        class="cxd-TplField"
      >
        <span>
          60%
        </span>
      </span>
    </span>
  </div>
</div>
`;
