// Jest Snapshot v1, https://goo.gl/fbAQLP

exports[`Renderer:steps 1`] = `
<div>
  <div
    class="cxd-Page"
  >
    <div
      class="cxd-PullRefresh"
    >
      <div
        class="cxd-PullRefresh-wrap"
        style="transform: translate3d(0, 0px, 0);"
      >
        <div
          class="cxd-PullRefresh-header"
        >
          
        </div>
        <div
          class="cxd-Page-content"
        >
          <div
            class="cxd-Page-main"
          >
            <div
              class="cxd-Page-body"
            >
              <ul
                class="cxd-Steps cxd-Steps--Placement- cxd-Steps-- cxd-Steps--horizontal"
              >
                <li
                  class="cxd-StepsItem is-finish cxd-StepsItem-"
                >
                  <div
                    class="cxd-StepsItem-container"
                  >
                    <div
                      class="cxd-StepsItem-containerTail"
                    />
                    <div
                      class="cxd-StepsItem-containerIcon is-success"
                    >
                      <span
                        class="cxd-StepsItem-icon"
                      >
                        <icon-mock
                          classname="icon icon-check"
                          icon="check"
                        />
                      </span>
                    </div>
                    <div
                      class="cxd-StepsItem-containerWrapper"
                    >
                      <div
                        class="cxd-StepsItem-body"
                      >
                        <div
                          class="cxd-StepsItem-title cxd-StepsItem- is-success"
                        >
                          <span
                            class="cxd-StepsItem-ellText"
                            title="First"
                          >
                            First
                          </span>
                          <span
                            class="cxd-StepsItem-subTitle cxd-StepsItem-ellText"
                            title="this is subTitle"
                          >
                            this is subTitle
                          </span>
                        </div>
                        <div
                          class="cxd-StepsItem-description cxd-StepsItem-ellText"
                          title="this is description"
                        >
                          <span>
                            this is description
                          </span>
                        </div>
                      </div>
                    </div>
                  </div>
                </li>
                <li
                  class="cxd-StepsItem is-process cxd-StepsItem-"
                >
                  <div
                    class="cxd-StepsItem-container"
                  >
                    <div
                      class="cxd-StepsItem-containerTail"
                    />
                    <div
                      class="cxd-StepsItem-containerIcon"
                    >
                      <span
                        class="cxd-StepsItem-icon"
                      >
                        2
                      </span>
                    </div>
                    <div
                      class="cxd-StepsItem-containerWrapper"
                    >
                      <div
                        class="cxd-StepsItem-body"
                      >
                        <div
                          class="cxd-StepsItem-title cxd-StepsItem-"
                        >
                          <span
                            class="cxd-StepsItem-ellText"
                            title="Second"
                          >
                            Second
                          </span>
                          <span
                            class="cxd-StepsItem-subTitle cxd-StepsItem-ellText"
                            title="undefined"
                          />
                        </div>
                        <div
                          class="cxd-StepsItem-description cxd-StepsItem-ellText"
                          title="undefined"
                        >
                          <span />
                        </div>
                      </div>
                    </div>
                  </div>
                </li>
                <li
                  class="cxd-StepsItem is-wait cxd-StepsItem-"
                >
                  <div
                    class="cxd-StepsItem-container"
                  >
                    <div
                      class="cxd-StepsItem-containerTail"
                    />
                    <div
                      class="cxd-StepsItem-containerIcon"
                    >
                      <span
                        class="cxd-StepsItem-icon"
                      >
                        3
                      </span>
                    </div>
                    <div
                      class="cxd-StepsItem-containerWrapper"
                    >
                      <div
                        class="cxd-StepsItem-body"
                      >
                        <div
                          class="cxd-StepsItem-title cxd-StepsItem-"
                        >
                          <span
                            class="cxd-StepsItem-ellText"
                            title="Last"
                          >
                            Last
                          </span>
                          <span
                            class="cxd-StepsItem-subTitle cxd-StepsItem-ellText"
                            title="undefined"
                          />
                        </div>
                        <div
                          class="cxd-StepsItem-description cxd-StepsItem-ellText"
                          title="undefined"
                        >
                          <span />
                        </div>
                      </div>
                    </div>
                  </div>
                </li>
              </ul>
            </div>
          </div>
        </div>
      </div>
    </div>
  </div>
</div>
`;
