// Jest Snapshot v1, https://goo.gl/fbAQLP

exports[`Renderer:tabs 1`] = `
<div>
  <div
    class="a-Tabs"
  >
    <ul
      class="a-Tabs-links"
      role="tablist"
    >
      <li
        class="a-Tabs-link is-active"
      >
        <a>
           
          基本配置
        </a>
      </li>
      <li
        class="a-Tabs-link"
      >
        <a>
           
          其他配置
        </a>
      </li>
    </ul>
    <div
      class="a-Tabs-content"
    >
      <div
        class="in is-active a-Tabs-pane"
      >
        <span
          class="a-TplField"
        >
          <span>
            <p>
              tab1 内容
            </p>
          </span>
        </span>
      </div>
    </div>
  </div>
</div>
`;
