// Jest Snapshot v1, https://goo.gl/fbAQLP

exports[`Renderer:dateRange 1`] = `
<div>
  <div
    class="cxd-Panel cxd-Panel--default cxd-Panel--form"
    style="position: relative;"
  >
    <div
      class="cxd-Panel-heading"
    >
      <h3
        class="cxd-Panel-title"
      >
        <span
          class="cxd-TplField"
        >
          <span>
            The form
          </span>
        </span>
      </h3>
    </div>
    <div
      class="cxd-Panel-body"
    >
      <form
        class="cxd-Form cxd-Form--normal"
        novalidate=""
      >
        <input
          style="display: none;"
          type="submit"
        />
        <div
          class="cxd-Form-item cxd-Form-item--normal"
          data-role="form-item"
        >
          <label
            class="cxd-Form-label"
          >
            <span>
              <span
                class="cxd-TplField"
              >
                <span>
                  date-range
                </span>
              </span>
            </span>
          </label>
          <div
            class="cxd-DateRangeControl is-date cxd-Form-control"
          >
            <div
              class="cxd-DateRangePicker"
              tabindex="0"
            >
              <input
                autocomplete="off"
                class="cxd-DateRangePicker-input"
                placeholder="选择开始时间"
                type="text"
                value="2019-06-06"
              />
              <span
                class="cxd-DateRangePicker-input-separator"
              >
                ~
              </span>
              <input
                autocomplete="off"
                class="cxd-DateRangePicker-input"
                placeholder="选择结束时间"
                type="text"
                value="2019-06-26"
              />
              <a
                class="cxd-DateRangePicker-clear"
              >
                <icon-mock
                  classname="icon icon-input-clear"
                  icon="input-clear"
                />
              </a>
              <a
                class="cxd-DateRangePicker-toggler"
              >
                <icon-mock
                  classname="icon icon-clock"
                  icon="clock"
                />
              </a>
            </div>
          </div>
        </div>
      </form>
    </div>
    <div
      class="resize-sensor"
      style="position: absolute; left: 0px; top: 0px; right: 0px; bottom: 0px; overflow: scroll; z-index: -1; visibility: hidden;"
    >
      
  
      <div
        class="resize-sensor-expand"
        style="position: absolute; left: 0; top: 0; right: 0; bottom: 0; overflow: scroll; z-index: -1; visibility: hidden;"
      >
        
    
        <div
          style="position: absolute; left: 0px; top: 0px; width: 10px; height: 10px;"
        />
        
  
      </div>
      
  
      <div
        class="resize-sensor-shrink"
        style="position: absolute; left: 0; top: 0; right: 0; bottom: 0; overflow: scroll; z-index: -1; visibility: hidden;"
      >
        
    
        <div
          style="position: absolute; left: 0; top: 0; width: 200%; height: 200%"
        />
        
  
      </div>
      
  
      <div
        class="resize-sensor-appear"
        style="position: absolute; left: 0; top: 0; right: 0; bottom: 0; overflow: scroll; z-index: -1; visibility: hidden;animation-name: apearSensor; animation-duration: 0.2s;"
      />
    </div>
  </div>
</div>
`;
