// Jest Snapshot v1, https://goo.gl/fbAQLP

exports[`Renderer:diff-editor 1`] = `
<div>
  <div
    class="a-Panel a-Panel--default a-Panel--form"
  >
    <div
      class="a-Panel-heading"
    >
      <h3
        class="a-Panel-title"
      >
        <span
          class="a-TplField"
        >
          The form
        </span>
      </h3>
    </div>
    <div
      class="a-Panel-body"
    >
      <form
        class="a-Form a-Form--normal"
        novalidate=""
      >
        <div
          class="a-Form-item a-Form-item--normal"
        >
          <label
            class="a-Form-label"
          >
            <span>
              diff-editor
            </span>
          </label>
          <div
            class="a-EditorControl a-Form-control"
          >
            <div>
              加载中...
            </div>
          </div>
        </div>
      </form>
    </div>
  </div>
</div>
`;
