// Jest Snapshot v1, https://goo.gl/fbAQLP

exports[`Renderer:input table 1`] = `
<div>
  <div
    class="cxd-Page"
  >
    <div
      class="cxd-Page-content"
    >
      <div
        class="cxd-Page-main"
      >
        <div
          class="cxd-Page-body"
        >
          <div
            class="cxd-Panel cxd-Panel--default cxd-Panel--form"
            style="position: relative;"
          >
            <div
              class="cxd-Panel-heading"
            >
              <h3
                class="cxd-Panel-title"
              >
                <span
                  class="cxd-TplField"
                >
                  <span>
                    表单
                  </span>
                </span>
              </h3>
            </div>
            <div
              class="cxd-Panel-body"
            >
              <form
                class="cxd-Form cxd-Form--normal"
                novalidate=""
              >
                <input
                  style="display: none;"
                  type="submit"
                />
                <pre>
                  <code>
                    {
  "table": [
    {
      "a": "a1",
      "b": "b1"
    },
    {
      "a": "a2",
      "b": "b2"
    },
    {
      "a": "a3",
      "b": "b3"
    }
  ]
}
                  </code>
                </pre>
                <div
                  class="cxd-Form-item cxd-Form-item--normal"
                  data-role="form-item"
                />
              </form>
            </div>
            <div
              class="cxd-Panel-footerWrap"
            >
              <div
                class="cxd-Panel-btnToolbar cxd-Panel-footer"
              >
                <button
                  class="cxd-Button cxd-Button--primary"
                  type="submit"
                >
                  <span>
                    提交
                  </span>
                </button>
              </div>
            </div>
            <div
              class="resize-sensor"
              style="position: absolute; left: 0px; top: 0px; right: 0px; bottom: 0px; overflow: scroll; z-index: -1; visibility: hidden;"
            >
              
  
              <div
                class="resize-sensor-expand"
                style="position: absolute; left: 0; top: 0; right: 0; bottom: 0; overflow: scroll; z-index: -1; visibility: hidden;"
              >
                
    
                <div
                  style="position: absolute; left: 0px; top: 0px; width: 10px; height: 10px;"
                />
                
  
              </div>
              
  
              <div
                class="resize-sensor-shrink"
                style="position: absolute; left: 0; top: 0; right: 0; bottom: 0; overflow: scroll; z-index: -1; visibility: hidden;"
              >
                
    
                <div
                  style="position: absolute; left: 0; top: 0; width: 200%; height: 200%"
                />
                
  
              </div>
              
  
              <div
                class="resize-sensor-appear"
                style="position: absolute; left: 0; top: 0; right: 0; bottom: 0; overflow: scroll; z-index: -1; visibility: hidden;animation-name: apearSensor; animation-duration: 0.2s;"
              />
            </div>
          </div>
        </div>
      </div>
    </div>
  </div>
</div>
`;
