// Jest Snapshot v1, https://goo.gl/fbAQLP

exports[`Renderer:matrix 1`] = `
<div>
  <div
    class="a-Panel a-Panel--default a-Panel--form"
  >
    <div
      class="a-Panel-heading"
    >
      <h3
        class="a-Panel-title"
      >
        <span
          class="a-TplField"
        >
          The form
        </span>
      </h3>
    </div>
    <div
      class="a-Panel-body"
    >
      <form
        class="a-Form a-Form--normal"
        novalidate=""
      >
        <div
          class="a-Form-item a-Form-item--normal"
        >
          <label
            class="a-Form-label"
          >
            <span>
              matrix
            </span>
          </label>
          <div
            class="a-MatrixControl a-Form-control"
          >
            <div
              class="a-Table m-b-none"
            >
              <div
                class="a-Table-content"
              >
                <table
                  class="a-Table-table"
                >
                  <thead>
                    <tr>
                      <th>
                        行标题说明
                      </th>
                      <th
                        class="text-center"
                      >
                        列1
                      </th>
                      <th
                        class="text-center"
                      >
                        列2
                      </th>
                    </tr>
                  </thead>
                  <tbody>
                    <tr>
                      <td>
                        行1
                      </td>
                      <td
                        class="text-center"
                      >
                        <label
                          class="a-Checkbox a-Checkbox--checkbox a-Checkbox--full"
                        >
                          <input
                            type="checkbox"
                          />
                          <i />
                          <span />
                        </label>
                      </td>
                      <td
                        class="text-center"
                      >
                        <label
                          class="a-Checkbox a-Checkbox--checkbox a-Checkbox--full"
                        >
                          <input
                            type="checkbox"
                          />
                          <i />
                          <span />
                        </label>
                      </td>
                    </tr>
                    <tr>
                      <td>
                        行2
                      </td>
                      <td
                        class="text-center"
                      >
                        <label
                          class="a-Checkbox a-Checkbox--checkbox a-Checkbox--full"
                        >
                          <input
                            type="checkbox"
                          />
                          <i />
                          <span />
                        </label>
                      </td>
                      <td
                        class="text-center"
                      >
                        <label
                          class="a-Checkbox a-Checkbox--checkbox a-Checkbox--full"
                        >
                          <input
                            type="checkbox"
                          />
                          <i />
                          <span />
                        </label>
                      </td>
                    </tr>
                  </tbody>
                </table>
              </div>
            </div>
          </div>
        </div>
      </form>
    </div>
  </div>
</div>
`;
