// Jest Snapshot v1, https://goo.gl/fbAQLP

exports[`Renderer:mobile nested select 1`] = `
<span
  class="cxd-Select-valueLabel"
>
  <span>
    <span
      class=""
    >
      B
    </span>
    &gt;
  </span>
  <span>
    <span
      class=""
    >
      B
    </span>
    <span
      class=""
    >
      -
    </span>
    <span
      class=""
    >
      1
    </span>
  </span>
</span>
`;
