// Jest Snapshot v1, https://goo.gl/fbAQLP

exports[`Renderer:tabs 1`] = `
<div>
  <div
    class="a-Panel a-Panel--default a-Panel--form"
    style="position: relative;"
  >
    <div
      class="a-Panel-heading"
    >
      <h3
        class="a-Panel-title"
      >
        <span
          class="a-TplField"
        >
          The form
        </span>
      </h3>
    </div>
    <div
      class="a-Panel-body"
    >
      <form
        class="a-Form a-Form--normal"
        novalidate=""
      >
        <div
          class="a-Tabs"
          id="0"
        >
          <ul
            class="a-Tabs-links nav"
            role="tablist"
          >
            <li
              class="a-Tabs-link active"
              role="presentation"
            >
              <a
                aria-controls="0-pane-0"
                aria-selected="true"
                href="#"
                id="0-tab-0"
                role="tab"
              >
                基本配置
              </a>
            </li>
            <li
              class="a-Tabs-link"
              role="presentation"
            >
              <a
                aria-controls="0-pane-1"
                aria-selected="false"
                href="#"
                id="0-tab-1"
                role="tab"
                tabindex="-1"
              >
                其他配置
              </a>
            </li>
          </ul>
          <div
            class="a-Tabs-content tab-content"
          >
            <div
              aria-hidden="false"
              aria-labelledby="0-tab-0"
              class="fade tab-pane active in"
              id="0-pane-0"
              role="tabpanel"
            >
              <span
                class="a-TplField"
              >
                <p>
                  tab1 内容
                </p>
              </span>
            </div>
            <div
              aria-hidden="true"
              aria-labelledby="0-tab-1"
              class="fade tab-pane"
              id="0-pane-1"
              role="tabpanel"
            >
              <div
                class="a-Form--normal"
              >
                <div
                  class="a-Form-item a-Form-item--normal"
                >
                  <label
                    class="a-Form-label"
                  >
                    <span>
                      文本3
                    </span>
                  </label>
                  <div
                    class="a-Form-control a-TextControl"
                  >
                    <div
                      class="a-TextControl-input"
                    >
                      <input
                        autocomplete="off"
                        name="c"
                        placeholder=""
                        type="text"
                        value=""
                      />
                    </div>
                  </div>
                </div>
                <div
                  class="a-Form-item a-Form-item--normal"
                >
                  <label
                    class="a-Form-label"
                  >
                    <span>
                      文本4
                    </span>
                  </label>
                  <div
                    class="a-Form-control a-TextControl"
                  >
                    <div
                      class="a-TextControl-input"
                    >
                      <input
                        autocomplete="off"
                        name="d"
                        placeholder=""
                        type="text"
                        value=""
                      />
                    </div>
                  </div>
                </div>
              </div>
            </div>
          </div>
        </div>
      </form>
    </div>
    <div
      class="resize-sensor"
      style="position: absolute; left: 0px; top: 0px; right: 0px; bottom: 0px; overflow: scroll; z-index: -1; visibility: hidden;"
    >
      <div
        class="resize-sensor-expand"
        style="position: absolute; left: 0; top: 0; right: 0; bottom: 0; overflow: scroll; z-index: -1; visibility: hidden;"
      >
        <div
          style="position: absolute; left: 0px; top: 0px; width: 10px; height: 10px;"
        />
      </div>
      <div
        class="resize-sensor-shrink"
        style="position: absolute; left: 0; top: 0; right: 0; bottom: 0; overflow: scroll; z-index: -1; visibility: hidden;"
      >
        <div
          style="position: absolute; left: 0; top: 0; width: 200%; height: 200%"
        />
      </div>
    </div>
  </div>
</div>
`;
