// Jest Snapshot v1, https://goo.gl/fbAQLP

exports[`Renderer:textarea 1`] = `
<div>
  <div
    class="a-Panel a-Panel--default a-Panel--form"
  >
    <div
      class="a-Panel-heading"
    >
      <h3
        class="a-Panel-title"
      >
        <span
          class="a-TplField"
        >
          The form
        </span>
      </h3>
    </div>
    <div
      class="a-Panel-body"
    >
      <form
        class="a-Form a-Form--normal"
        novalidate=""
      >
        <div
          class="a-Form-item a-Form-item--normal"
        >
          <label
            class="a-Form-label"
          >
            <span>
              textarea
            </span>
          </label>
          <textarea
            autocomplete="off"
            class="a-TextareaControl a-Form-control"
            name="a"
            style="height: -40px;"
            type="textarea"
          >
            456
          </textarea>
        </div>
      </form>
    </div>
  </div>
</div>
`;
